2026/09/24 09:34:10 WARNING mlflow.tracking.context.registry: Encountered unexpected error during resolving tags: 'getpwuid(): uid not found: 10001'
phil-arrival-when-001: answered, 27343 ms
phil-mother-absent-001: insufficient_evidence, 20974 ms
Saved 2 actual outcomes and traces to /app/artifacts/text-baseline-v4.json; MLflow run 5722d6dd4374444eb6a6d7c1ce357f6a
2026/09/24 09:35:05 INFO mlflow.tracing.export.async_export_queue: Flushing the async trace logging queue before program exit. This may take a while...
{"phase": "before", "response_id": "35931fd6-2ee9-417a-a48c-70bc1f8c4072", "answer": "Right, listen. I first arrived in Walford in February 1990 to open an automobile repair shop, known as The Arches.", "trace_id": "tr-66cf6aa2f4ffe0a2589a306ae40673da", "elapsed_ms": 24178.69575599616, "usage": {"input_tokens": 341, "output_tokens": 55, "embedding_tokens": 19}, "restart_verified": false}
Traceback (most recent call last):
  File "/home/tom/Documents/code/python/rag_demo/.venv/lib/python3.12/site-packages/httpx/_transports/default.py", line 101, in map_httpcore_exceptions
    yield
  File "/home/tom/Documents/code/python/rag_demo/.venv/lib/python3.12/site-packages/httpx/_transports/default.py", line 250, in handle_request
    resp = self._pool.handle_request(req)
           ^^^^^^^^^^^^^^^^^^^^^^^^^^^^^^
  File "/home/tom/Documents/code/python/rag_demo/.venv/lib/python3.12/site-packages/httpcore/_sync/connection_pool.py", line 256, in handle_request
    raise exc from None
  File "/home/tom/Documents/code/python/rag_demo/.venv/lib/python3.12/site-packages/httpcore/_sync/connection_pool.py", line 236, in handle_request
    response = connection.handle_request(
               ^^^^^^^^^^^^^^^^^^^^^^^^^^
  File "/home/tom/Documents/code/python/rag_demo/.venv/lib/python3.12/site-packages/httpcore/_sync/connection.py", line 103, in handle_request
    return self._connection.handle_request(request)
           ^^^^^^^^^^^^^^^^^^^^^^^^^^^^^^^^^^^^^^^^
  File "/home/tom/Documents/code/python/rag_demo/.venv/lib/python3.12/site-packages/httpcore/_sync/http11.py", line 136, in handle_request
    raise exc
  File "/home/tom/Documents/code/python/rag_demo/.venv/lib/python3.12/site-packages/httpcore/_sync/http11.py", line 106, in handle_request
    ) = self._receive_response_headers(**kwargs)
        ^^^^^^^^^^^^^^^^^^^^^^^^^^^^^^^^^^^^^^^^
  File "/home/tom/Documents/code/python/rag_demo/.venv/lib/python3.12/site-packages/httpcore/_sync/http11.py", line 177, in _receive_response_headers
    event = self._receive_event(timeout=timeout)
            ^^^^^^^^^^^^^^^^^^^^^^^^^^^^^^^^^^^^
  File "/home/tom/Documents/code/python/rag_demo/.venv/lib/python3.12/site-packages/httpcore/_sync/http11.py", line 217, in _receive_event
    data = self._network_stream.read(
           ^^^^^^^^^^^^^^^^^^^^^^^^^^
  File "/home/tom/Documents/code/python/rag_demo/.venv/lib/python3.12/site-packages/httpcore/_backends/sync.py", line 126, in read
    with map_exceptions(exc_map):
  File "/usr/lib/python3.12/contextlib.py", line 158, in __exit__
    self.gen.throw(value)
  File "/home/tom/Documents/code/python/rag_demo/.venv/lib/python3.12/site-packages/httpcore/_exceptions.py", line 14, in map_exceptions
    raise to_exc(exc) from exc
httpcore.ReadError: [Errno 104] Connection reset by peer

The above exception was the direct cause of the following exception:

Traceback (most recent call last):
  File "/tmp/verify-issue3-docker.py", line 78, in <module>
    health = client.get('http://127.0.0.1:5000/health')
             ^^^^^^^^^^^^^^^^^^^^^^^^^^^^^^^^^^^^^^^^^^
  File "/home/tom/Documents/code/python/rag_demo/.venv/lib/python3.12/site-packages/httpx/_client.py", line 1053, in get
    return self.request(
           ^^^^^^^^^^^^^
  File "/home/tom/Documents/code/python/rag_demo/.venv/lib/python3.12/site-packages/httpx/_client.py", line 825, in request
    return self.send(request, auth=auth, follow_redirects=follow_redirects)
           ^^^^^^^^^^^^^^^^^^^^^^^^^^^^^^^^^^^^^^^^^^^^^^^^^^^^^^^^^^^^^^^^
  File "/home/tom/Documents/code/python/rag_demo/.venv/lib/python3.12/site-packages/httpx/_client.py", line 914, in send
    response = self._send_handling_auth(
               ^^^^^^^^^^^^^^^^^^^^^^^^^
  File "/home/tom/Documents/code/python/rag_demo/.venv/lib/python3.12/site-packages/httpx/_client.py", line 942, in _send_handling_auth
    response = self._send_handling_redirects(
               ^^^^^^^^^^^^^^^^^^^^^^^^^^^^^^
  File "/home/tom/Documents/code/python/rag_demo/.venv/lib/python3.12/site-packages/httpx/_client.py", line 979, in _send_handling_redirects
    response = self._send_single_request(request)
               ^^^^^^^^^^^^^^^^^^^^^^^^^^^^^^^^^^
  File "/home/tom/Documents/code/python/rag_demo/.venv/lib/python3.12/site-packages/httpx/_client.py", line 1014, in _send_single_request
    response = transport.handle_request(request)
               ^^^^^^^^^^^^^^^^^^^^^^^^^^^^^^^^^
  File "/home/tom/Documents/code/python/rag_demo/.venv/lib/python3.12/site-packages/httpx/_transports/default.py", line 249, in handle_request
    with map_httpcore_exceptions():
  File "/usr/lib/python3.12/contextlib.py", line 158, in __exit__
    self.gen.throw(value)
  File "/home/tom/Documents/code/python/rag_demo/.venv/lib/python3.12/site-packages/httpx/_transports/default.py", line 118, in map_httpcore_exceptions
    raise mapped_exc(message) from exc
httpx.ReadError: [Errno 104] Connection reset by peer
